Archive member included to satisfy reference by file (symbol)

d:/career/atmel/7.0/toolchain/avr8/avr8-gnu-toolchain/bin/../lib/gcc/avr/5.4.0/../../../../avr/lib/avr5\libm.a(addsf3.o)
                              Application/app.o (__subsf3)
d:/career/atmel/7.0/toolchain/avr8/avr8-gnu-toolchain/bin/../lib/gcc/avr/5.4.0/../../../../avr/lib/avr5\libm.a(addsf3x.o)
                              d:/career/atmel/7.0/toolchain/avr8/avr8-gnu-toolchain/bin/../lib/gcc/avr/5.4.0/../../../../avr/lib/avr5\libm.a(addsf3.o) (__addsf3x)
d:/career/atmel/7.0/toolchain/avr8/avr8-gnu-toolchain/bin/../lib/gcc/avr/5.4.0/../../../../avr/lib/avr5\libm.a(ceil.o)
                              Application/app.o (ceil)
d:/career/atmel/7.0/toolchain/avr8/avr8-gnu-toolchain/bin/../lib/gcc/avr/5.4.0/../../../../avr/lib/avr5\libm.a(divsf3.o)
                              Application/app.o (__divsf3)
d:/career/atmel/7.0/toolchain/avr8/avr8-gnu-toolchain/bin/../lib/gcc/avr/5.4.0/../../../../avr/lib/avr5\libm.a(divsf3x.o)
                              d:/career/atmel/7.0/toolchain/avr8/avr8-gnu-toolchain/bin/../lib/gcc/avr/5.4.0/../../../../avr/lib/avr5\libm.a(divsf3.o) (__divsf3x)
d:/career/atmel/7.0/toolchain/avr8/avr8-gnu-toolchain/bin/../lib/gcc/avr/5.4.0/../../../../avr/lib/avr5\libm.a(fixunssfsi.o)
                              Application/app.o (__fixunssfsi)
d:/career/atmel/7.0/toolchain/avr8/avr8-gnu-toolchain/bin/../lib/gcc/avr/5.4.0/../../../../avr/lib/avr5\libm.a(floatsisf.o)
                              Application/app.o (__floatunsisf)
d:/career/atmel/7.0/toolchain/avr8/avr8-gnu-toolchain/bin/../lib/gcc/avr/5.4.0/../../../../avr/lib/avr5\libm.a(fp_inf.o)
                              d:/career/atmel/7.0/toolchain/avr8/avr8-gnu-toolchain/bin/../lib/gcc/avr/5.4.0/../../../../avr/lib/avr5\libm.a(addsf3x.o) (__fp_inf)
d:/career/atmel/7.0/toolchain/avr8/avr8-gnu-toolchain/bin/../lib/gcc/avr/5.4.0/../../../../avr/lib/avr5\libm.a(fp_mintl.o)
                              d:/career/atmel/7.0/toolchain/avr8/avr8-gnu-toolchain/bin/../lib/gcc/avr/5.4.0/../../../../avr/lib/avr5\libm.a(ceil.o) (__fp_mintl)
d:/career/atmel/7.0/toolchain/avr8/avr8-gnu-toolchain/bin/../lib/gcc/avr/5.4.0/../../../../avr/lib/avr5\libm.a(fp_mpack.o)
                              d:/career/atmel/7.0/toolchain/avr8/avr8-gnu-toolchain/bin/../lib/gcc/avr/5.4.0/../../../../avr/lib/avr5\libm.a(ceil.o) (__fp_mpack)
d:/career/atmel/7.0/toolchain/avr8/avr8-gnu-toolchain/bin/../lib/gcc/avr/5.4.0/../../../../avr/lib/avr5\libm.a(fp_nan.o)
                              d:/career/atmel/7.0/toolchain/avr8/avr8-gnu-toolchain/bin/../lib/gcc/avr/5.4.0/../../../../avr/lib/avr5\libm.a(addsf3x.o) (__fp_nan)
d:/career/atmel/7.0/toolchain/avr8/avr8-gnu-toolchain/bin/../lib/gcc/avr/5.4.0/../../../../avr/lib/avr5\libm.a(fp_pscA.o)
                              d:/career/atmel/7.0/toolchain/avr8/avr8-gnu-toolchain/bin/../lib/gcc/avr/5.4.0/../../../../avr/lib/avr5\libm.a(addsf3x.o) (__fp_pscA)
d:/career/atmel/7.0/toolchain/avr8/avr8-gnu-toolchain/bin/../lib/gcc/avr/5.4.0/../../../../avr/lib/avr5\libm.a(fp_pscB.o)
                              d:/career/atmel/7.0/toolchain/avr8/avr8-gnu-toolchain/bin/../lib/gcc/avr/5.4.0/../../../../avr/lib/avr5\libm.a(addsf3x.o) (__fp_pscB)
d:/career/atmel/7.0/toolchain/avr8/avr8-gnu-toolchain/bin/../lib/gcc/avr/5.4.0/../../../../avr/lib/avr5\libm.a(fp_round.o)
                              d:/career/atmel/7.0/toolchain/avr8/avr8-gnu-toolchain/bin/../lib/gcc/avr/5.4.0/../../../../avr/lib/avr5\libm.a(addsf3.o) (__fp_round)
d:/career/atmel/7.0/toolchain/avr8/avr8-gnu-toolchain/bin/../lib/gcc/avr/5.4.0/../../../../avr/lib/avr5\libm.a(fp_split3.o)
                              d:/career/atmel/7.0/toolchain/avr8/avr8-gnu-toolchain/bin/../lib/gcc/avr/5.4.0/../../../../avr/lib/avr5\libm.a(addsf3x.o) (__fp_split3)
d:/career/atmel/7.0/toolchain/avr8/avr8-gnu-toolchain/bin/../lib/gcc/avr/5.4.0/../../../../avr/lib/avr5\libm.a(fp_trunc.o)
                              d:/career/atmel/7.0/toolchain/avr8/avr8-gnu-toolchain/bin/../lib/gcc/avr/5.4.0/../../../../avr/lib/avr5\libm.a(ceil.o) (__fp_trunc)
d:/career/atmel/7.0/toolchain/avr8/avr8-gnu-toolchain/bin/../lib/gcc/avr/5.4.0/../../../../avr/lib/avr5\libm.a(fp_zero.o)
                              d:/career/atmel/7.0/toolchain/avr8/avr8-gnu-toolchain/bin/../lib/gcc/avr/5.4.0/../../../../avr/lib/avr5\libm.a(addsf3x.o) (__fp_zero)
d:/career/atmel/7.0/toolchain/avr8/avr8-gnu-toolchain/bin/../lib/gcc/avr/5.4.0/../../../../avr/lib/avr5\libm.a(gesf2.o)
                              Application/app.o (__gtsf2)
d:/career/atmel/7.0/toolchain/avr8/avr8-gnu-toolchain/bin/../lib/gcc/avr/5.4.0/../../../../avr/lib/avr5\libm.a(mulsf3.o)
                              HAL/Temp Sensor/LM35.o (__mulsf3)
d:/career/atmel/7.0/toolchain/avr8/avr8-gnu-toolchain/bin/../lib/gcc/avr/5.4.0/../../../../avr/lib/avr5\libm.a(mulsf3x.o)
                              d:/career/atmel/7.0/toolchain/avr8/avr8-gnu-toolchain/bin/../lib/gcc/avr/5.4.0/../../../../avr/lib/avr5\libm.a(mulsf3.o) (__mulsf3x)
d:/career/atmel/7.0/toolchain/avr8/avr8-gnu-toolchain/bin/../lib/gcc/avr/5.4.0/../../../../avr/lib/avr5\libm.a(fp_cmp.o)
                              d:/career/atmel/7.0/toolchain/avr8/avr8-gnu-toolchain/bin/../lib/gcc/avr/5.4.0/../../../../avr/lib/avr5\libm.a(gesf2.o) (__fp_cmp)
d:/career/atmel/7.0/toolchain/avr8/avr8-gnu-toolchain/bin/../lib/gcc/avr/5.4.0/avr5\libgcc.a(_udivmodsi4.o)
                              HAL/7 Segment/Seven_Segment.o (__udivmodsi4)
d:/career/atmel/7.0/toolchain/avr8/avr8-gnu-toolchain/bin/../lib/gcc/avr/5.4.0/avr5\libgcc.a(_exit.o)
                              D:/career/Atmel/7.0/Packs/atmel/ATmega_DFP/1.7.374/gcc/dev/atmega32/avr5/crtatmega32.o (exit)
d:/career/atmel/7.0/toolchain/avr8/avr8-gnu-toolchain/bin/../lib/gcc/avr/5.4.0/avr5\libgcc.a(_copy_data.o)
                              Application/app.o (__do_copy_data)
d:/career/atmel/7.0/toolchain/avr8/avr8-gnu-toolchain/bin/../lib/gcc/avr/5.4.0/avr5\libgcc.a(_clear_bss.o)
                              Application/app.o (__do_clear_bss)

Discarded input sections

 .data          0x00000000        0x0 D:/career/Atmel/7.0/Packs/atmel/ATmega_DFP/1.7.374/gcc/dev/atmega32/avr5/crtatmega32.o
 .bss           0x00000000        0x0 D:/career/Atmel/7.0/Packs/atmel/ATmega_DFP/1.7.374/gcc/dev/atmega32/avr5/crtatmega32.o
 .text          0x00000000        0x0 Application/app.o
 .data          0x00000000        0x0 Application/app.o
 .bss           0x00000000        0x0 Application/app.o
 .text          0x00000000        0x0 HAL/7 Segment/Seven_Segment.o
 .data          0x00000000        0x0 HAL/7 Segment/Seven_Segment.o
 .bss           0x00000000        0x0 HAL/7 Segment/Seven_Segment.o
 .text.Read_Seven_segment
                0x00000000       0x16 HAL/7 Segment/Seven_Segment.o
 .text.BothSevenSegmentWrite
                0x00000000       0x8a HAL/7 Segment/Seven_Segment.o
 .text.BothSevenSegmentWriteFloat
                0x00000000       0x88 HAL/7 Segment/Seven_Segment.o
 .text          0x00000000        0x0 HAL/Button/Button_program.o
 .data          0x00000000        0x0 HAL/Button/Button_program.o
 .bss           0x00000000        0x0 HAL/Button/Button_program.o
 .text.PB_state
                0x00000000        0x6 HAL/Button/Button_program.o
 .text          0x00000000        0x0 HAL/EEPROM/EEPROM_program.o
 .data          0x00000000        0x0 HAL/EEPROM/EEPROM_program.o
 .bss           0x00000000        0x0 HAL/EEPROM/EEPROM_program.o
 .text          0x00000000        0x0 HAL/Heater/HEATER_ELEMENT.o
 .data          0x00000000        0x0 HAL/Heater/HEATER_ELEMENT.o
 .bss           0x00000000        0x0 HAL/Heater/HEATER_ELEMENT.o
 .text.SEND_TEMP
                0x00000000       0x1c HAL/Heater/HEATER_ELEMENT.o
 .text          0x00000000        0x0 HAL/LED/LED_program.o
 .data          0x00000000        0x0 HAL/LED/LED_program.o
 .bss           0x00000000        0x0 HAL/LED/LED_program.o
 .text.LED_init
                0x00000000        0x8 HAL/LED/LED_program.o
 .text.LED_on   0x00000000        0x8 HAL/LED/LED_program.o
 .text.LED_off  0x00000000        0x8 HAL/LED/LED_program.o
 .text.LED_toggle
                0x00000000       0x34 HAL/LED/LED_program.o
 .debug_info    0x00000000      0x232 HAL/LED/LED_program.o
 .debug_abbrev  0x00000000       0xa7 HAL/LED/LED_program.o
 .debug_loc     0x00000000      0x14d HAL/LED/LED_program.o
 .debug_aranges
                0x00000000       0x38 HAL/LED/LED_program.o
 .debug_ranges  0x00000000       0x28 HAL/LED/LED_program.o
 .debug_line    0x00000000      0x107 HAL/LED/LED_program.o
 .debug_str     0x00000000      0x1fa HAL/LED/LED_program.o
 .comment       0x00000000       0x31 HAL/LED/LED_program.o
 .debug_frame   0x00000000       0x60 HAL/LED/LED_program.o
 .text          0x00000000        0x0 HAL/Temp Sensor/LM35.o
 .data          0x00000000        0x0 HAL/Temp Sensor/LM35.o
 .bss           0x00000000        0x0 HAL/Temp Sensor/LM35.o
 .text          0x00000000        0x0 main.o
 .data          0x00000000        0x0 main.o
 .bss           0x00000000        0x0 main.o
 .text          0x00000000        0x0 MCAL/ADC/ADC_program.o
 .data          0x00000000        0x0 MCAL/ADC/ADC_program.o
 .bss           0x00000000        0x0 MCAL/ADC/ADC_program.o
 .text          0x00000000        0x0 MCAL/DIO/DIO_program.o
 .data          0x00000000        0x0 MCAL/DIO/DIO_program.o
 .bss           0x00000000        0x0 MCAL/DIO/DIO_program.o
 .text.DIO_setPortDir
                0x00000000       0x20 MCAL/DIO/DIO_program.o
 .text.DIO_setPortval
                0x00000000       0x20 MCAL/DIO/DIO_program.o
 .text.DIO_getPortval
                0x00000000       0x24 MCAL/DIO/DIO_program.o
 .text.DIO_pullup_Port
                0x00000000       0x16 MCAL/DIO/DIO_program.o
 .text.DIO_pullup_PIN
                0x00000000       0x1e MCAL/DIO/DIO_program.o
 .text.DIO_SetHighrNibbles
                0x00000000        0xc MCAL/DIO/DIO_program.o
 .text.DIO_SetLowerNibbles
                0x00000000       0x12 MCAL/DIO/DIO_program.o
 .text          0x00000000        0x0 MCAL/Interrupt/interrupt.o
 .data          0x00000000        0x0 MCAL/Interrupt/interrupt.o
 .bss           0x00000000        0x0 MCAL/Interrupt/interrupt.o
 .text.interrupt_wait_for_flag
                0x00000000       0x40 MCAL/Interrupt/interrupt.o
 .text          0x00000000        0x0 MCAL/Timer/timer.o
 .data          0x00000000        0x0 MCAL/Timer/timer.o
 .bss           0x00000000        0x0 MCAL/Timer/timer.o
 .text.counter0_start
                0x00000000       0x3a MCAL/Timer/timer.o
 .text.timer0_wait_for_flag
                0x00000000       0x2e MCAL/Timer/timer.o
 .text.timer0_status
                0x00000000        0xa MCAL/Timer/timer.o
 .text.delay    0x00000000       0x26 MCAL/Timer/timer.o
 .text          0x00000000        0x0 MCAL/TWI/TWI_program.o
 .data          0x00000000        0x0 MCAL/TWI/TWI_program.o
 .bss           0x00000000        0x0 MCAL/TWI/TWI_program.o
 .text.TWI_Read_With_ACK
                0x00000000        0xe MCAL/TWI/TWI_program.o
 .text.TWI_Get_Status
                0x00000000        0x6 MCAL/TWI/TWI_program.o
 .text          0x00000000        0x0 d:/career/atmel/7.0/toolchain/avr8/avr8-gnu-toolchain/bin/../lib/gcc/avr/5.4.0/../../../../avr/lib/avr5\libm.a(addsf3.o)
 .data          0x00000000        0x0 d:/career/atmel/7.0/toolchain/avr8/avr8-gnu-toolchain/bin/../lib/gcc/avr/5.4.0/../../../../avr/lib/avr5\libm.a(addsf3.o)
 .bss           0x00000000        0x0 d:/career/atmel/7.0/toolchain/avr8/avr8-gnu-toolchain/bin/../lib/gcc/avr/5.4.0/../../../../avr/lib/avr5\libm.a(addsf3.o)
 .text          0x00000000        0x0 d:/career/atmel/7.0/toolchain/avr8/avr8-gnu-toolchain/bin/../lib/gcc/avr/5.4.0/../../../../avr/lib/avr5\libm.a(addsf3x.o)
 .data          0x00000000        0x0 d:/career/atmel/7.0/toolchain/avr8/avr8-gnu-toolchain/bin/../lib/gcc/avr/5.4.0/../../../../avr/lib/avr5\libm.a(addsf3x.o)
 .bss           0x00000000        0x0 d:/career/atmel/7.0/toolchain/avr8/avr8-gnu-toolchain/bin/../lib/gcc/avr/5.4.0/../../../../avr/lib/avr5\libm.a(addsf3x.o)
 .text          0x00000000        0x0 d:/career/atmel/7.0/toolchain/avr8/avr8-gnu-toolchain/bin/../lib/gcc/avr/5.4.0/../../../../avr/lib/avr5\libm.a(ceil.o)
 .data          0x00000000        0x0 d:/career/atmel/7.0/toolchain/avr8/avr8-gnu-toolchain/bin/../lib/gcc/avr/5.4.0/../../../../avr/lib/avr5\libm.a(ceil.o)
 .bss           0x00000000        0x0 d:/career/atmel/7.0/toolchain/avr8/avr8-gnu-toolchain/bin/../lib/gcc/avr/5.4.0/../../../../avr/lib/avr5\libm.a(ceil.o)
 .text          0x00000000        0x0 d:/career/atmel/7.0/toolchain/avr8/avr8-gnu-toolchain/bin/../lib/gcc/avr/5.4.0/../../../../avr/lib/avr5\libm.a(divsf3.o)
 .data          0x00000000        0x0 d:/career/atmel/7.0/toolchain/avr8/avr8-gnu-toolchain/bin/../lib/gcc/avr/5.4.0/../../../../avr/lib/avr5\libm.a(divsf3.o)
 .bss           0x00000000        0x0 d:/career/atmel/7.0/toolchain/avr8/avr8-gnu-toolchain/bin/../lib/gcc/avr/5.4.0/../../../../avr/lib/avr5\libm.a(divsf3.o)
 .text          0x00000000        0x0 d:/career/atmel/7.0/toolchain/avr8/avr8-gnu-toolchain/bin/../lib/gcc/avr/5.4.0/../../../../avr/lib/avr5\libm.a(divsf3x.o)
 .data          0x00000000        0x0 d:/career/atmel/7.0/toolchain/avr8/avr8-gnu-toolchain/bin/../lib/gcc/avr/5.4.0/../../../../avr/lib/avr5\libm.a(divsf3x.o)
 .bss           0x00000000        0x0 d:/career/atmel/7.0/toolchain/avr8/avr8-gnu-toolchain/bin/../lib/gcc/avr/5.4.0/../../../../avr/lib/avr5\libm.a(divsf3x.o)
 .text          0x00000000        0x0 d:/career/atmel/7.0/toolchain/avr8/avr8-gnu-toolchain/bin/../lib/gcc/avr/5.4.0/../../../../avr/lib/avr5\libm.a(fixunssfsi.o)
 .data          0x00000000        0x0 d:/career/atmel/7.0/toolchain/avr8/avr8-gnu-toolchain/bin/../lib/gcc/avr/5.4.0/../../../../avr/lib/avr5\libm.a(fixunssfsi.o)
 .bss           0x00000000        0x0 d:/career/atmel/7.0/toolchain/avr8/avr8-gnu-toolchain/bin/../lib/gcc/avr/5.4.0/../../../../avr/lib/avr5\libm.a(fixunssfsi.o)
 .text          0x00000000        0x0 d:/career/atmel/7.0/toolchain/avr8/avr8-gnu-toolchain/bin/../lib/gcc/avr/5.4.0/../../../../avr/lib/avr5\libm.a(floatsisf.o)
 .data          0x00000000        0x0 d:/career/atmel/7.0/toolchain/avr8/avr8-gnu-toolchain/bin/../lib/gcc/avr/5.4.0/../../../../avr/lib/avr5\libm.a(floatsisf.o)
 .bss           0x00000000        0x0 d:/career/atmel/7.0/toolchain/avr8/avr8-gnu-toolchain/bin/../lib/gcc/avr/5.4.0/../../../../avr/lib/avr5\libm.a(floatsisf.o)
 .text          0x00000000        0x0 d:/career/atmel/7.0/toolchain/avr8/avr8-gnu-toolchain/bin/../lib/gcc/avr/5.4.0/../../../../avr/lib/avr5\libm.a(fp_inf.o)
 .data          0x00000000        0x0 d:/career/atmel/7.0/toolchain/avr8/avr8-gnu-toolchain/bin/../lib/gcc/avr/5.4.0/../../../../avr/lib/avr5\libm.a(fp_inf.o)
 .bss           0x00000000        0x0 d:/career/atmel/7.0/toolchain/avr8/avr8-gnu-toolchain/bin/../lib/gcc/avr/5.4.0/../../../../avr/lib/avr5\libm.a(fp_inf.o)
 .text          0x00000000        0x0 d:/career/atmel/7.0/toolchain/avr8/avr8-gnu-toolchain/bin/../lib/gcc/avr/5.4.0/../../../../avr/lib/avr5\libm.a(fp_mintl.o)
 .data          0x00000000        0x0 d:/career/atmel/7.0/toolchain/avr8/avr8-gnu-toolchain/bin/../lib/gcc/avr/5.4.0/../../../../avr/lib/avr5\libm.a(fp_mintl.o)
 .bss           0x00000000        0x0 d:/career/atmel/7.0/toolchain/avr8/avr8-gnu-toolchain/bin/../lib/gcc/avr/5.4.0/../../../../avr/lib/avr5\libm.a(fp_mintl.o)
 .text          0x00000000        0x0 d:/career/atmel/7.0/toolchain/avr8/avr8-gnu-toolchain/bin/../lib/gcc/avr/5.4.0/../../../../avr/lib/avr5\libm.a(fp_mpack.o)
 .data          0x00000000        0x0 d:/career/atmel/7.0/toolchain/avr8/avr8-gnu-toolchain/bin/../lib/gcc/avr/5.4.0/../../../../avr/lib/avr5\libm.a(fp_mpack.o)
 .bss           0x00000000        0x0 d:/career/atmel/7.0/toolchain/avr8/avr8-gnu-toolchain/bin/../lib/gcc/avr/5.4.0/../../../../avr/lib/avr5\libm.a(fp_mpack.o)
 .text          0x00000000        0x0 d:/career/atmel/7.0/toolchain/avr8/avr8-gnu-toolchain/bin/../lib/gcc/avr/5.4.0/../../../../avr/lib/avr5\libm.a(fp_nan.o)
 .data          0x00000000        0x0 d:/career/atmel/7.0/toolchain/avr8/avr8-gnu-toolchain/bin/../lib/gcc/avr/5.4.0/../../../../avr/lib/avr5\libm.a(fp_nan.o)
 .bss           0x00000000        0x0 d:/career/atmel/7.0/toolchain/avr8/avr8-gnu-toolchain/bin/../lib/gcc/avr/5.4.0/../../../../avr/lib/avr5\libm.a(fp_nan.o)
 .text          0x00000000        0x0 d:/career/atmel/7.0/toolchain/avr8/avr8-gnu-toolchain/bin/../lib/gcc/avr/5.4.0/../../../../avr/lib/avr5\libm.a(fp_pscA.o)
 .data          0x00000000        0x0 d:/career/atmel/7.0/toolchain/avr8/avr8-gnu-toolchain/bin/../lib/gcc/avr/5.4.0/../../../../avr/lib/avr5\libm.a(fp_pscA.o)
 .bss           0x00000000        0x0 d:/career/atmel/7.0/toolchain/avr8/avr8-gnu-toolchain/bin/../lib/gcc/avr/5.4.0/../../../../avr/lib/avr5\libm.a(fp_pscA.o)
 .text          0x00000000        0x0 d:/career/atmel/7.0/toolchain/avr8/avr8-gnu-toolchain/bin/../lib/gcc/avr/5.4.0/../../../../avr/lib/avr5\libm.a(fp_pscB.o)
 .data          0x00000000        0x0 d:/career/atmel/7.0/toolchain/avr8/avr8-gnu-toolchain/bin/../lib/gcc/avr/5.4.0/../../../../avr/lib/avr5\libm.a(fp_pscB.o)
 .bss           0x00000000        0x0 d:/career/atmel/7.0/toolchain/avr8/avr8-gnu-toolchain/bin/../lib/gcc/avr/5.4.0/../../../../avr/lib/avr5\libm.a(fp_pscB.o)
 .text          0x00000000        0x0 d:/career/atmel/7.0/toolchain/avr8/avr8-gnu-toolchain/bin/../lib/gcc/avr/5.4.0/../../../../avr/lib/avr5\libm.a(fp_round.o)
 .data          0x00000000        0x0 d:/career/atmel/7.0/toolchain/avr8/avr8-gnu-toolchain/bin/../lib/gcc/avr/5.4.0/../../../../avr/lib/avr5\libm.a(fp_round.o)
 .bss           0x00000000        0x0 d:/career/atmel/7.0/toolchain/avr8/avr8-gnu-toolchain/bin/../lib/gcc/avr/5.4.0/../../../../avr/lib/avr5\libm.a(fp_round.o)
 .text          0x00000000        0x0 d:/career/atmel/7.0/toolchain/avr8/avr8-gnu-toolchain/bin/../lib/gcc/avr/5.4.0/../../../../avr/lib/avr5\libm.a(fp_split3.o)
 .data          0x00000000        0x0 d:/career/atmel/7.0/toolchain/avr8/avr8-gnu-toolchain/bin/../lib/gcc/avr/5.4.0/../../../../avr/lib/avr5\libm.a(fp_split3.o)
 .bss           0x00000000        0x0 d:/career/atmel/7.0/toolchain/avr8/avr8-gnu-toolchain/bin/../lib/gcc/avr/5.4.0/../../../../avr/lib/avr5\libm.a(fp_split3.o)
 .text          0x00000000        0x0 d:/career/atmel/7.0/toolchain/avr8/avr8-gnu-toolchain/bin/../lib/gcc/avr/5.4.0/../../../../avr/lib/avr5\libm.a(fp_trunc.o)
 .data          0x00000000        0x0 d:/career/atmel/7.0/toolchain/avr8/avr8-gnu-toolchain/bin/../lib/gcc/avr/5.4.0/../../../../avr/lib/avr5\libm.a(fp_trunc.o)
 .bss           0x00000000        0x0 d:/career/atmel/7.0/toolchain/avr8/avr8-gnu-toolchain/bin/../lib/gcc/avr/5.4.0/../../../../avr/lib/avr5\libm.a(fp_trunc.o)
 .text          0x00000000        0x0 d:/career/atmel/7.0/toolchain/avr8/avr8-gnu-toolchain/bin/../lib/gcc/avr/5.4.0/../../../../avr/lib/avr5\libm.a(fp_zero.o)
 .data          0x00000000        0x0 d:/career/atmel/7.0/toolchain/avr8/avr8-gnu-toolchain/bin/../lib/gcc/avr/5.4.0/../../../../avr/lib/avr5\libm.a(fp_zero.o)
 .bss           0x00000000        0x0 d:/career/atmel/7.0/toolchain/avr8/avr8-gnu-toolchain/bin/../lib/gcc/avr/5.4.0/../../../../avr/lib/avr5\libm.a(fp_zero.o)
 .text          0x00000000        0x0 d:/career/atmel/7.0/toolchain/avr8/avr8-gnu-toolchain/bin/../lib/gcc/avr/5.4.0/../../../../avr/lib/avr5\libm.a(gesf2.o)
 .data          0x00000000        0x0 d:/career/atmel/7.0/toolchain/avr8/avr8-gnu-toolchain/bin/../lib/gcc/avr/5.4.0/../../../../avr/lib/avr5\libm.a(gesf2.o)
 .bss           0x00000000        0x0 d:/career/atmel/7.0/toolchain/avr8/avr8-gnu-toolchain/bin/../lib/gcc/avr/5.4.0/../../../../avr/lib/avr5\libm.a(gesf2.o)
 .text          0x00000000        0x0 d:/career/atmel/7.0/toolchain/avr8/avr8-gnu-toolchain/bin/../lib/gcc/avr/5.4.0/../../../../avr/lib/avr5\libm.a(mulsf3.o)
 .data          0x00000000        0x0 d:/career/atmel/7.0/toolchain/avr8/avr8-gnu-toolchain/bin/../lib/gcc/avr/5.4.0/../../../../avr/lib/avr5\libm.a(mulsf3.o)
 .bss           0x00000000        0x0 d:/career/atmel/7.0/toolchain/avr8/avr8-gnu-toolchain/bin/../lib/gcc/avr/5.4.0/../../../../avr/lib/avr5\libm.a(mulsf3.o)
 .text          0x00000000        0x0 d:/career/atmel/7.0/toolchain/avr8/avr8-gnu-toolchain/bin/../lib/gcc/avr/5.4.0/../../../../avr/lib/avr5\libm.a(mulsf3x.o)
 .data          0x00000000        0x0 d:/career/atmel/7.0/toolchain/avr8/avr8-gnu-toolchain/bin/../lib/gcc/avr/5.4.0/../../../../avr/lib/avr5\libm.a(mulsf3x.o)
 .bss           0x00000000        0x0 d:/career/atmel/7.0/toolchain/avr8/avr8-gnu-toolchain/bin/../lib/gcc/avr/5.4.0/../../../../avr/lib/avr5\libm.a(mulsf3x.o)
 .text          0x00000000        0x0 d:/career/atmel/7.0/toolchain/avr8/avr8-gnu-toolchain/bin/../lib/gcc/avr/5.4.0/../../../../avr/lib/avr5\libm.a(fp_cmp.o)
 .data          0x00000000        0x0 d:/career/atmel/7.0/toolchain/avr8/avr8-gnu-toolchain/bin/../lib/gcc/avr/5.4.0/../../../../avr/lib/avr5\libm.a(fp_cmp.o)
 .bss           0x00000000        0x0 d:/career/atmel/7.0/toolchain/avr8/avr8-gnu-toolchain/bin/../lib/gcc/avr/5.4.0/../../../../avr/lib/avr5\libm.a(fp_cmp.o)
 .text          0x00000000        0x0 d:/career/atmel/7.0/toolchain/avr8/avr8-gnu-toolchain/bin/../lib/gcc/avr/5.4.0/avr5\libgcc.a(_udivmodsi4.o)
 .data          0x00000000        0x0 d:/career/atmel/7.0/toolchain/avr8/avr8-gnu-toolchain/bin/../lib/gcc/avr/5.4.0/avr5\libgcc.a(_udivmodsi4.o)
 .bss           0x00000000        0x0 d:/career/atmel/7.0/toolchain/avr8/avr8-gnu-toolchain/bin/../lib/gcc/avr/5.4.0/avr5\libgcc.a(_udivmodsi4.o)
 .text.libgcc.mul
                0x00000000        0x0 d:/career/atmel/7.0/toolchain/avr8/avr8-gnu-toolchain/bin/../lib/gcc/avr/5.4.0/avr5\libgcc.a(_udivmodsi4.o)
 .text.libgcc   0x00000000        0x0 d:/career/atmel/7.0/toolchain/avr8/avr8-gnu-toolchain/bin/../lib/gcc/avr/5.4.0/avr5\libgcc.a(_udivmodsi4.o)
 .text.libgcc.prologue
                0x00000000        0x0 d:/career/atmel/7.0/toolchain/avr8/avr8-gnu-toolchain/bin/../lib/gcc/avr/5.4.0/avr5\libgcc.a(_udivmodsi4.o)
 .text.libgcc.builtins
                0x00000000        0x0 d:/career/atmel/7.0/toolchain/avr8/avr8-gnu-toolchain/bin/../lib/gcc/avr/5.4.0/avr5\libgcc.a(_udivmodsi4.o)
 .text.libgcc.fmul
                0x00000000        0x0 d:/career/atmel/7.0/toolchain/avr8/avr8-gnu-toolchain/bin/../lib/gcc/avr/5.4.0/avr5\libgcc.a(_udivmodsi4.o)
 .text.libgcc.fixed
                0x00000000        0x0 d:/career/atmel/7.0/toolchain/avr8/avr8-gnu-toolchain/bin/../lib/gcc/avr/5.4.0/avr5\libgcc.a(_udivmodsi4.o)
 .text          0x00000000        0x0 d:/career/atmel/7.0/toolchain/avr8/avr8-gnu-toolchain/bin/../lib/gcc/avr/5.4.0/avr5\libgcc.a(_exit.o)
 .data          0x00000000        0x0 d:/career/atmel/7.0/toolchain/avr8/avr8-gnu-toolchain/bin/../lib/gcc/avr/5.4.0/avr5\libgcc.a(_exit.o)
 .bss           0x00000000        0x0 d:/career/atmel/7.0/toolchain/avr8/avr8-gnu-toolchain/bin/../lib/gcc/avr/5.4.0/avr5\libgcc.a(_exit.o)
 .text.libgcc.mul
                0x00000000        0x0 d:/career/atmel/7.0/toolchain/avr8/avr8-gnu-toolchain/bin/../lib/gcc/avr/5.4.0/avr5\libgcc.a(_exit.o)
 .text.libgcc.div
                0x00000000        0x0 d:/career/atmel/7.0/toolchain/avr8/avr8-gnu-toolchain/bin/../lib/gcc/avr/5.4.0/avr5\libgcc.a(_exit.o)
 .text.libgcc   0x00000000        0x0 d:/career/atmel/7.0/toolchain/avr8/avr8-gnu-toolchain/bin/../lib/gcc/avr/5.4.0/avr5\libgcc.a(_exit.o)
 .text.libgcc.prologue
                0x00000000        0x0 d:/career/atmel/7.0/toolchain/avr8/avr8-gnu-toolchain/bin/../lib/gcc/avr/5.4.0/avr5\libgcc.a(_exit.o)
 .text.libgcc.builtins
                0x00000000        0x0 d:/career/atmel/7.0/toolchain/avr8/avr8-gnu-toolchain/bin/../lib/gcc/avr/5.4.0/avr5\libgcc.a(_exit.o)
 .text.libgcc.fmul
                0x00000000        0x0 d:/career/atmel/7.0/toolchain/avr8/avr8-gnu-toolchain/bin/../lib/gcc/avr/5.4.0/avr5\libgcc.a(_exit.o)
 .text.libgcc.fixed
                0x00000000        0x0 d:/career/atmel/7.0/toolchain/avr8/avr8-gnu-toolchain/bin/../lib/gcc/avr/5.4.0/avr5\libgcc.a(_exit.o)
 .text          0x00000000        0x0 d:/career/atmel/7.0/toolchain/avr8/avr8-gnu-toolchain/bin/../lib/gcc/avr/5.4.0/avr5\libgcc.a(_copy_data.o)
 .data          0x00000000        0x0 d:/career/atmel/7.0/toolchain/avr8/avr8-gnu-toolchain/bin/../lib/gcc/avr/5.4.0/avr5\libgcc.a(_copy_data.o)
 .bss           0x00000000        0x0 d:/career/atmel/7.0/toolchain/avr8/avr8-gnu-toolchain/bin/../lib/gcc/avr/5.4.0/avr5\libgcc.a(_copy_data.o)
 .text.libgcc.mul
                0x00000000        0x0 d:/career/atmel/7.0/toolchain/avr8/avr8-gnu-toolchain/bin/../lib/gcc/avr/5.4.0/avr5\libgcc.a(_copy_data.o)
 .text.libgcc.div
                0x00000000        0x0 d:/career/atmel/7.0/toolchain/avr8/avr8-gnu-toolchain/bin/../lib/gcc/avr/5.4.0/avr5\libgcc.a(_copy_data.o)
 .text.libgcc   0x00000000        0x0 d:/career/atmel/7.0/toolchain/avr8/avr8-gnu-toolchain/bin/../lib/gcc/avr/5.4.0/avr5\libgcc.a(_copy_data.o)
 .text.libgcc.prologue
                0x00000000        0x0 d:/career/atmel/7.0/toolchain/avr8/avr8-gnu-toolchain/bin/../lib/gcc/avr/5.4.0/avr5\libgcc.a(_copy_data.o)
 .text.libgcc.builtins
                0x00000000        0x0 d:/career/atmel/7.0/toolchain/avr8/avr8-gnu-toolchain/bin/../lib/gcc/avr/5.4.0/avr5\libgcc.a(_copy_data.o)
 .text.libgcc.fmul
                0x00000000        0x0 d:/career/atmel/7.0/toolchain/avr8/avr8-gnu-toolchain/bin/../lib/gcc/avr/5.4.0/avr5\libgcc.a(_copy_data.o)
 .text.libgcc.fixed
                0x00000000        0x0 d:/career/atmel/7.0/toolchain/avr8/avr8-gnu-toolchain/bin/../lib/gcc/avr/5.4.0/avr5\libgcc.a(_copy_data.o)
 .text          0x00000000        0x0 d:/career/atmel/7.0/toolchain/avr8/avr8-gnu-toolchain/bin/../lib/gcc/avr/5.4.0/avr5\libgcc.a(_clear_bss.o)
 .data          0x00000000        0x0 d:/career/atmel/7.0/toolchain/avr8/avr8-gnu-toolchain/bin/../lib/gcc/avr/5.4.0/avr5\libgcc.a(_clear_bss.o)
 .bss           0x00000000        0x0 d:/career/atmel/7.0/toolchain/avr8/avr8-gnu-toolchain/bin/../lib/gcc/avr/5.4.0/avr5\libgcc.a(_clear_bss.o)
 .text.libgcc.mul
                0x00000000        0x0 d:/career/atmel/7.0/toolchain/avr8/avr8-gnu-toolchain/bin/../lib/gcc/avr/5.4.0/avr5\libgcc.a(_clear_bss.o)
 .text.libgcc.div
                0x00000000        0x0 d:/career/atmel/7.0/toolchain/avr8/avr8-gnu-toolchain/bin/../lib/gcc/avr/5.4.0/avr5\libgcc.a(_clear_bss.o)
 .text.libgcc   0x00000000        0x0 d:/career/atmel/7.0/toolchain/avr8/avr8-gnu-toolchain/bin/../lib/gcc/avr/5.4.0/avr5\libgcc.a(_clear_bss.o)
 .text.libgcc.prologue
                0x00000000        0x0 d:/career/atmel/7.0/toolchain/avr8/avr8-gnu-toolchain/bin/../lib/gcc/avr/5.4.0/avr5\libgcc.a(_clear_bss.o)
 .text.libgcc.builtins
                0x00000000        0x0 d:/career/atmel/7.0/toolchain/avr8/avr8-gnu-toolchain/bin/../lib/gcc/avr/5.4.0/avr5\libgcc.a(_clear_bss.o)
 .text.libgcc.fmul
                0x00000000        0x0 d:/career/atmel/7.0/toolchain/avr8/avr8-gnu-toolchain/bin/../lib/gcc/avr/5.4.0/avr5\libgcc.a(_clear_bss.o)
 .text.libgcc.fixed
                0x00000000        0x0 d:/career/atmel/7.0/toolchain/avr8/avr8-gnu-toolchain/bin/../lib/gcc/avr/5.4.0/avr5\libgcc.a(_clear_bss.o)

Memory Configuration

Name             Origin             Length             Attributes
text             0x00000000         0x00008000         xr
data             0x00800060         0x00000800         rw !x
eeprom           0x00810000         0x00000400         rw !x
fuse             0x00820000         0x00000002         rw !x
lock             0x00830000         0x00000400         rw !x
signature        0x00840000         0x00000400         rw !x
user_signatures  0x00850000         0x00000400         rw !x
*default*        0x00000000         0xffffffff

Linker script and memory map

LOAD D:/career/Atmel/7.0/Packs/atmel/ATmega_DFP/1.7.374/gcc/dev/atmega32/avr5/crtatmega32.o
LOAD Application/app.o
LOAD HAL/7 Segment/Seven_Segment.o
LOAD HAL/Button/Button_program.o
LOAD HAL/EEPROM/EEPROM_program.o
LOAD HAL/Heater/HEATER_ELEMENT.o
LOAD HAL/LED/LED_program.o
LOAD HAL/Temp Sensor/LM35.o
LOAD main.o
LOAD MCAL/ADC/ADC_program.o
LOAD MCAL/DIO/DIO_program.o
LOAD MCAL/Interrupt/interrupt.o
LOAD MCAL/Timer/timer.o
LOAD MCAL/TWI/TWI_program.o
START GROUP
LOAD d:/career/atmel/7.0/toolchain/avr8/avr8-gnu-toolchain/bin/../lib/gcc/avr/5.4.0/../../../../avr/lib/avr5\libm.a
END GROUP
START GROUP
LOAD d:/career/atmel/7.0/toolchain/avr8/avr8-gnu-toolchain/bin/../lib/gcc/avr/5.4.0/avr5\libgcc.a
LOAD d:/career/atmel/7.0/toolchain/avr8/avr8-gnu-toolchain/bin/../lib/gcc/avr/5.4.0/../../../../avr/lib/avr5\libm.a
LOAD d:/career/atmel/7.0/toolchain/avr8/avr8-gnu-toolchain/bin/../lib/gcc/avr/5.4.0/../../../../avr/lib/avr5\libc.a
LOAD D:/career/Atmel/7.0/Packs/atmel/ATmega_DFP/1.7.374/gcc/dev/atmega32/avr5\libatmega32.a
END GROUP
                0x00000000                __TEXT_REGION_ORIGIN__ = DEFINED (__TEXT_REGION_ORIGIN__)?__TEXT_REGION_ORIGIN__:0x0
                [0x00800060]                __DATA_REGION_ORIGIN__ = DEFINED (__DATA_REGION_ORIGIN__)?__DATA_REGION_ORIGIN__:0x800060
                [0x00008000]                __TEXT_REGION_LENGTH__ = DEFINED (__TEXT_REGION_LENGTH__)?__TEXT_REGION_LENGTH__:0x20000
                [0x00000800]                __DATA_REGION_LENGTH__ = DEFINED (__DATA_REGION_LENGTH__)?__DATA_REGION_LENGTH__:0xffa0
                [0x00000400]                __EEPROM_REGION_LENGTH__ = DEFINED (__EEPROM_REGION_LENGTH__)?__EEPROM_REGION_LENGTH__:0x10000
                [0x00000002]                __FUSE_REGION_LENGTH__ = DEFINED (__FUSE_REGION_LENGTH__)?__FUSE_REGION_LENGTH__:0x400
                0x00000400                __LOCK_REGION_LENGTH__ = DEFINED (__LOCK_REGION_LENGTH__)?__LOCK_REGION_LENGTH__:0x400
                0x00000400                __SIGNATURE_REGION_LENGTH__ = DEFINED (__SIGNATURE_REGION_LENGTH__)?__SIGNATURE_REGION_LENGTH__:0x400
                0x00000400                __USER_SIGNATURE_REGION_LENGTH__ = DEFINED (__USER_SIGNATURE_REGION_LENGTH__)?__USER_SIGNATURE_REGION_LENGTH__:0x400

.hash
 *(.hash)

.dynsym
 *(.dynsym)

.dynstr
 *(.dynstr)

.gnu.version
 *(.gnu.version)

.gnu.version_d
 *(.gnu.version_d)

.gnu.version_r
 *(.gnu.version_r)

.rel.init
 *(.rel.init)

.rela.init
 *(.rela.init)

.rel.text
 *(.rel.text)
 *(.rel.text.*)
 *(.rel.gnu.linkonce.t*)

.rela.text
 *(.rela.text)
 *(.rela.text.*)
 *(.rela.gnu.linkonce.t*)

.rel.fini
 *(.rel.fini)

.rela.fini
 *(.rela.fini)

.rel.rodata
 *(.rel.rodata)
 *(.rel.rodata.*)
 *(.rel.gnu.linkonce.r*)

.rela.rodata
 *(.rela.rodata)
 *(.rela.rodata.*)
 *(.rela.gnu.linkonce.r*)

.rel.data
 *(.rel.data)
 *(.rel.data.*)
 *(.rel.gnu.linkonce.d*)

.rela.data
 *(.rela.data)
 *(.rela.data.*)
 *(.rela.gnu.linkonce.d*)

.rel.ctors
 *(.rel.ctors)

.rela.ctors
 *(.rela.ctors)

.rel.dtors
 *(.rel.dtors)

.rela.dtors
 *(.rela.dtors)

.rel.got
 *(.rel.got)

.rela.got
 *(.rela.got)

.rel.bss
 *(.rel.bss)

.rela.bss
 *(.rela.bss)

.rel.plt
 *(.rel.plt)

.rela.plt
 *(.rela.plt)

.text           0x00000000     0x143a
 *(.vectors)
 .vectors       0x00000000       0x54 D:/career/Atmel/7.0/Packs/atmel/ATmega_DFP/1.7.374/gcc/dev/atmega32/avr5/crtatmega32.o
                0x00000000                __vector_default
                0x00000000                __vectors
 *(.vectors)
 *(.progmem.gcc*)
                0x00000054                . = ALIGN (0x2)
                0x00000054                __trampolines_start = .
 *(.trampolines)
 .trampolines   0x00000054        0x0 linker stubs
 *(.trampolines*)
                0x00000054                __trampolines_end = .
 *libprintf_flt.a:*(.progmem.data)
 *libc.a:*(.progmem.data)
 *(.progmem*)
                0x00000054                . = ALIGN (0x2)
 *(.jumptables)
 *(.jumptables*)
 *(.lowtext)
 *(.lowtext*)
                0x00000054                __ctors_start = .
 *(.ctors)
                0x00000054                __ctors_end = .
                0x00000054                __dtors_start = .
 *(.dtors)
                0x00000054                __dtors_end = .
 SORT(*)(.ctors)
 SORT(*)(.dtors)
 *(.init0)
 .init0         0x00000054        0x0 D:/career/Atmel/7.0/Packs/atmel/ATmega_DFP/1.7.374/gcc/dev/atmega32/avr5/crtatmega32.o
                0x00000054                __init
 *(.init0)
 *(.init1)
 *(.init1)
 *(.init2)
 .init2         0x00000054        0xc D:/career/Atmel/7.0/Packs/atmel/ATmega_DFP/1.7.374/gcc/dev/atmega32/avr5/crtatmega32.o
 *(.init2)
 *(.init3)
 *(.init3)
 *(.init4)
 .init4         0x00000060       0x16 d:/career/atmel/7.0/toolchain/avr8/avr8-gnu-toolchain/bin/../lib/gcc/avr/5.4.0/avr5\libgcc.a(_copy_data.o)
                0x00000060                __do_copy_data
 .init4         0x00000076       0x10 d:/career/atmel/7.0/toolchain/avr8/avr8-gnu-toolchain/bin/../lib/gcc/avr/5.4.0/avr5\libgcc.a(_clear_bss.o)
                0x00000076                __do_clear_bss
 *(.init4)
 *(.init5)
 *(.init5)
 *(.init6)
 *(.init6)
 *(.init7)
 *(.init7)
 *(.init8)
 *(.init8)
 *(.init9)
 .init9         0x00000086        0x8 D:/career/Atmel/7.0/Packs/atmel/ATmega_DFP/1.7.374/gcc/dev/atmega32/avr5/crtatmega32.o
 *(.init9)
 *(.text)
 .text          0x0000008e        0x4 D:/career/Atmel/7.0/Packs/atmel/ATmega_DFP/1.7.374/gcc/dev/atmega32/avr5/crtatmega32.o
                0x0000008e                __vector_12
                0x0000008e                __bad_interrupt
                0x0000008e                __vector_6
                0x0000008e                __vector_13
                0x0000008e                __vector_17
                0x0000008e                __vector_19
                0x0000008e                __vector_7
                0x0000008e                __vector_5
                0x0000008e                __vector_4
                0x0000008e                __vector_9
                0x0000008e                __vector_15
                0x0000008e                __vector_8
                0x0000008e                __vector_14
                0x0000008e                __vector_10
                0x0000008e                __vector_16
                0x0000008e                __vector_18
                0x0000008e                __vector_20
                0x00000092                . = ALIGN (0x2)
 *(.text.*)
 .text.OffMode  0x00000092       0x2a Application/app.o
 .text.SevenSegmentBlink
                0x000000bc       0x46 Application/app.o
 .text.TempSense
                0x00000102       0xc0 Application/app.o
 .text.OnMode   0x000001c2      0x112 Application/app.o
 .text.setState
                0x000002d4       0x72 Application/app.o
 .text.APP_init
                0x00000346       0x84 Application/app.o
                0x00000346                APP_init
 .text.APP_start
                0x000003ca       0x28 Application/app.o
                0x000003ca                APP_start
 .text.__vector_1
                0x000003f2       0x46 Application/app.o
                0x000003f2                __vector_1
 .text.__vector_2
                0x00000438       0x46 Application/app.o
                0x00000438                __vector_2
 .text.__vector_3
                0x0000047e       0x30 Application/app.o
                0x0000047e                __vector_3
 .text.__vector_11
                0x000004ae       0x7c Application/app.o
                0x000004ae                __vector_11
 .text.Seven_segment_enable
                0x0000052a       0x32 HAL/7 Segment/Seven_Segment.o
                0x0000052a                Seven_segment_enable
 .text.Seven_segment_disable
                0x0000055c       0x32 HAL/7 Segment/Seven_Segment.o
                0x0000055c                Seven_segment_disable
 .text.Seven_segment_init
                0x0000058e       0x5c HAL/7 Segment/Seven_Segment.o
                0x0000058e                Seven_segment_init
 .text.Write_Seven_segment
                0x000005ea       0xa0 HAL/7 Segment/Seven_Segment.o
                0x000005ea                Write_Seven_segment
 .text.SevenSegmentWriteFloat
                0x0000068a       0x5a HAL/7 Segment/Seven_Segment.o
                0x0000068a                SevenSegmentWriteFloat
 .text.PB_init  0x000006e4       0x2c HAL/Button/Button_program.o
                0x000006e4                PB_init
 .text.EEPROM_init
                0x00000710        0x6 HAL/EEPROM/EEPROM_program.o
                0x00000710                EEPROM_init
 .text.EEPROM_WRITE
                0x00000716       0x3c HAL/EEPROM/EEPROM_program.o
                0x00000716                EEPROM_WRITE
 .text.EEPROM_READ
                0x00000752       0x58 HAL/EEPROM/EEPROM_program.o
                0x00000752                EEPROM_READ
 .text.HEAT_INIT
                0x000007aa        0xc HAL/Heater/HEATER_ELEMENT.o
                0x000007aa                HEAT_INIT
 .text.HEAT_START
                0x000007b6        0xc HAL/Heater/HEATER_ELEMENT.o
                0x000007b6                HEAT_START
 .text.HEAT_STOP
                0x000007c2        0xc HAL/Heater/HEATER_ELEMENT.o
                0x000007c2                HEAT_STOP
 .text.COOL_INIT
                0x000007ce        0xc HAL/Heater/HEATER_ELEMENT.o
                0x000007ce                COOL_INIT
 .text.COOL_START
                0x000007da        0xc HAL/Heater/HEATER_ELEMENT.o
                0x000007da                COOL_START
 .text.COOL_STOP
                0x000007e6        0xc HAL/Heater/HEATER_ELEMENT.o
                0x000007e6                COOL_STOP
 .text.State_led_INIT
                0x000007f2        0xc HAL/Heater/HEATER_ELEMENT.o
                0x000007f2                State_led_INIT
 .text.State_led_start
                0x000007fe        0xc HAL/Heater/HEATER_ELEMENT.o
                0x000007fe                State_led_start
 .text.State_led_stop
                0x0000080a        0xc HAL/Heater/HEATER_ELEMENT.o
                0x0000080a                State_led_stop
 .text.State_led_tog
                0x00000816       0x28 HAL/Heater/HEATER_ELEMENT.o
                0x00000816                State_led_tog
 .text.getState
                0x0000083e       0x20 HAL/Heater/HEATER_ELEMENT.o
                0x0000083e                getState
 .text.LM35_init
                0x0000085e        0xc HAL/Temp Sensor/LM35.o
                0x0000085e                LM35_init
 .text.LM35_Read
                0x0000086a       0x3a HAL/Temp Sensor/LM35.o
                0x0000086a                LM35_Read
 .text.main     0x000008a4        0xe main.o
                0x000008a4                main
 .text.ADC_init
                0x000008b2       0xf2 MCAL/ADC/ADC_program.o
                0x000008b2                ADC_init
 .text.ADC_ReadChannel
                0x000009a4       0x2c MCAL/ADC/ADC_program.o
                0x000009a4                ADC_ReadChannel
 .text.DIO_setPinDir
                0x000009d0       0xe0 MCAL/DIO/DIO_program.o
                0x000009d0                DIO_setPinDir
 .text.DIO_setPinval
                0x00000ab0       0xe0 MCAL/DIO/DIO_program.o
                0x00000ab0                DIO_setPinval
 .text.DIO_getPinval
                0x00000b90       0x5c MCAL/DIO/DIO_program.o
                0x00000b90                DIO_getPinval
 .text.global_interrupt_state
                0x00000bec       0x16 MCAL/Interrupt/interrupt.o
                0x00000bec                global_interrupt_state
 .text.interrupt_init
                0x00000c02      0x12a MCAL/Interrupt/interrupt.o
                0x00000c02                interrupt_init
 .text.interrupt_enable
                0x00000d2c       0x2e MCAL/Interrupt/interrupt.o
                0x00000d2c                interrupt_enable
 .text.interrupt_disable
                0x00000d5a       0x2e MCAL/Interrupt/interrupt.o
                0x00000d5a                interrupt_disable
 .text.timer0_init
                0x00000d88       0x50 MCAL/Timer/timer.o
                0x00000d88                timer0_init
 .text.timer0_start
                0x00000dd8       0x8c MCAL/Timer/timer.o
                0x00000dd8                timer0_start
 .text.timer0_intial_val
                0x00000e64        0x6 MCAL/Timer/timer.o
                0x00000e64                timer0_intial_val
 .text.timer0_stop
                0x00000e6a       0x16 MCAL/Timer/timer.o
                0x00000e6a                timer0_stop
 .text.timer0_interrupt
                0x00000e80       0x22 MCAL/Timer/timer.o
                0x00000e80                timer0_interrupt
 .text.TWI_Init
                0x00000ea2        0xe MCAL/TWI/TWI_program.o
                0x00000ea2                TWI_Init
 .text.TWI_Start
                0x00000eb0        0xc MCAL/TWI/TWI_program.o
                0x00000eb0                TWI_Start
 .text.TWI_Stop
                0x00000ebc        0x6 MCAL/TWI/TWI_program.o
                0x00000ebc                TWI_Stop
 .text.TWI_Write
                0x00000ec2        0xe MCAL/TWI/TWI_program.o
                0x00000ec2                TWI_Write
 .text.TWI_Read_With_NACK
                0x00000ed0        0xe MCAL/TWI/TWI_program.o
                0x00000ed0                TWI_Read_With_NACK
 .text.avr-libc.fplib
                0x00000ede        0xe d:/career/atmel/7.0/toolchain/avr8/avr8-gnu-toolchain/bin/../lib/gcc/avr/5.4.0/../../../../avr/lib/avr5\libm.a(addsf3.o)
                0x00000ede                __subsf3
                0x00000ee0                __addsf3
 .text.avr-libc.fplib
                0x00000eec       0xcc d:/career/atmel/7.0/toolchain/avr8/avr8-gnu-toolchain/bin/../lib/gcc/avr/5.4.0/../../../../avr/lib/avr5\libm.a(addsf3x.o)
                0x00000f0e                __addsf3x
 .text.avr-libc.fplib
                0x00000fb8       0x2e d:/career/atmel/7.0/toolchain/avr8/avr8-gnu-toolchain/bin/../lib/gcc/avr/5.4.0/../../../../avr/lib/avr5\libm.a(ceil.o)
                0x00000fb8                ceil
 .text.avr-libc.fplib
                0x00000fe6        0x8 d:/career/atmel/7.0/toolchain/avr8/avr8-gnu-toolchain/bin/../lib/gcc/avr/5.4.0/../../../../avr/lib/avr5\libm.a(divsf3.o)
                0x00000fe6                __divsf3
 .text.avr-libc.fplib
                0x00000fee       0xdc d:/career/atmel/7.0/toolchain/avr8/avr8-gnu-toolchain/bin/../lib/gcc/avr/5.4.0/../../../../avr/lib/avr5\libm.a(divsf3x.o)
                0x0000100e                __divsf3x
                0x00001014                __divsf3_pse
 .text.avr-libc.fplib
                0x000010ca       0x5e d:/career/atmel/7.0/toolchain/avr8/avr8-gnu-toolchain/bin/../lib/gcc/avr/5.4.0/../../../../avr/lib/avr5\libm.a(fixunssfsi.o)
                0x000010ca                __fixunssfsi
 .text.avr-libc.fplib
                0x00001128       0x7a d:/career/atmel/7.0/toolchain/avr8/avr8-gnu-toolchain/bin/../lib/gcc/avr/5.4.0/../../../../avr/lib/avr5\libm.a(floatsisf.o)
                0x00001128                __floatunsisf
                0x0000112c                __floatsisf
 .text.avr-libc.fplib
                0x000011a2        0xc d:/career/atmel/7.0/toolchain/avr8/avr8-gnu-toolchain/bin/../lib/gcc/avr/5.4.0/../../../../avr/lib/avr5\libm.a(fp_inf.o)
                0x000011a2                __fp_inf
 .text.avr-libc.fplib
                0x000011ae       0x36 d:/career/atmel/7.0/toolchain/avr8/avr8-gnu-toolchain/bin/../lib/gcc/avr/5.4.0/../../../../avr/lib/avr5\libm.a(fp_mintl.o)
                0x000011ae                __fp_mintl
 .text.avr-libc.fplib
                0x000011e4       0x1c d:/career/atmel/7.0/toolchain/avr8/avr8-gnu-toolchain/bin/../lib/gcc/avr/5.4.0/../../../../avr/lib/avr5\libm.a(fp_mpack.o)
                0x000011e4                __fp_mpack
                0x000011e8                __fp_mpack_finite
 .text.avr-libc.fplib
                0x00001200        0x6 d:/career/atmel/7.0/toolchain/avr8/avr8-gnu-toolchain/bin/../lib/gcc/avr/5.4.0/../../../../avr/lib/avr5\libm.a(fp_nan.o)
                0x00001200                __fp_nan
 .text.avr-libc.fplib
                0x00001206        0xe d:/career/atmel/7.0/toolchain/avr8/avr8-gnu-toolchain/bin/../lib/gcc/avr/5.4.0/../../../../avr/lib/avr5\libm.a(fp_pscA.o)
                0x00001206                __fp_pscA
 .text.avr-libc.fplib
                0x00001214        0xe d:/career/atmel/7.0/toolchain/avr8/avr8-gnu-toolchain/bin/../lib/gcc/avr/5.4.0/../../../../avr/lib/avr5\libm.a(fp_pscB.o)
                0x00001214                __fp_pscB
 .text.avr-libc.fplib
                0x00001222       0x22 d:/career/atmel/7.0/toolchain/avr8/avr8-gnu-toolchain/bin/../lib/gcc/avr/5.4.0/../../../../avr/lib/avr5\libm.a(fp_round.o)
                0x00001222                __fp_round
 .text.avr-libc.fplib
                0x00001244       0x44 d:/career/atmel/7.0/toolchain/avr8/avr8-gnu-toolchain/bin/../lib/gcc/avr/5.4.0/../../../../avr/lib/avr5\libm.a(fp_split3.o)
                0x00001244                __fp_split3
                0x00001254                __fp_splitA
 .text.avr-libc.fplib
                0x00001288       0x30 d:/career/atmel/7.0/toolchain/avr8/avr8-gnu-toolchain/bin/../lib/gcc/avr/5.4.0/../../../../avr/lib/avr5\libm.a(fp_trunc.o)
                0x00001288                __fp_trunc
 .text.avr-libc.fplib
                0x000012b8        0xe d:/career/atmel/7.0/toolchain/avr8/avr8-gnu-toolchain/bin/../lib/gcc/avr/5.4.0/../../../../avr/lib/avr5\libm.a(fp_zero.o)
                0x000012b8                __fp_zero
                0x000012ba                __fp_szero
 .text.avr-libc.fplib
                0x000012c6        0xa d:/career/atmel/7.0/toolchain/avr8/avr8-gnu-toolchain/bin/../lib/gcc/avr/5.4.0/../../../../avr/lib/avr5\libm.a(gesf2.o)
                0x000012c6                __gesf2
                0x000012c6                __gtsf2
 .text.avr-libc.fplib
                0x000012d0        0x8 d:/career/atmel/7.0/toolchain/avr8/avr8-gnu-toolchain/bin/../lib/gcc/avr/5.4.0/../../../../avr/lib/avr5\libm.a(mulsf3.o)
                0x000012d0                __mulsf3
 .text.avr-libc.fplib
                0x000012d8       0xd2 d:/career/atmel/7.0/toolchain/avr8/avr8-gnu-toolchain/bin/../lib/gcc/avr/5.4.0/../../../../avr/lib/avr5\libm.a(mulsf3x.o)
                0x000012f6                __mulsf3x
                0x000012fc                __mulsf3_pse
 .text.avr-libc.fplib
                0x000013aa       0x48 d:/career/atmel/7.0/toolchain/avr8/avr8-gnu-toolchain/bin/../lib/gcc/avr/5.4.0/../../../../avr/lib/avr5\libm.a(fp_cmp.o)
                0x000013aa                __fp_cmp
 .text.libgcc.div
                0x000013f2       0x44 d:/career/atmel/7.0/toolchain/avr8/avr8-gnu-toolchain/bin/../lib/gcc/avr/5.4.0/avr5\libgcc.a(_udivmodsi4.o)
                0x000013f2                __udivmodsi4
                0x00001436                . = ALIGN (0x2)
 *(.fini9)
 .fini9         0x00001436        0x0 d:/career/atmel/7.0/toolchain/avr8/avr8-gnu-toolchain/bin/../lib/gcc/avr/5.4.0/avr5\libgcc.a(_exit.o)
                0x00001436                _exit
                0x00001436                exit
 *(.fini9)
 *(.fini8)
 *(.fini8)
 *(.fini7)
 *(.fini7)
 *(.fini6)
 *(.fini6)
 *(.fini5)
 *(.fini5)
 *(.fini4)
 *(.fini4)
 *(.fini3)
 *(.fini3)
 *(.fini2)
 *(.fini2)
 *(.fini1)
 *(.fini1)
 *(.fini0)
 .fini0         0x00001436        0x4 d:/career/atmel/7.0/toolchain/avr8/avr8-gnu-toolchain/bin/../lib/gcc/avr/5.4.0/avr5\libgcc.a(_exit.o)
 *(.fini0)
                0x0000143a                _etext = .

.data           0x00800060        0x2 load address 0x0000143a
                0x00800060                PROVIDE (__data_start, .)
 *(.data)
 *(.data*)
 .data.setTemp  0x00800060        0x1 Application/app.o
                0x00800060                setTemp
 *(.gnu.linkonce.d*)
 *(.rodata)
 *(.rodata*)
 *(.gnu.linkonce.r*)
                0x00800062                . = ALIGN (0x2)
 *fill*         0x00800061        0x1 
                0x00800062                _edata = .
                0x00800062                PROVIDE (__data_end, .)

.bss            0x00800062        0x9
                0x00800062                PROVIDE (__bss_start, .)
 *(.bss)
 *(.bss*)
 .bss.prev.1968
                0x00800062        0x1 Application/app.o
 .bss.currentTemp
                0x00800063        0x4 Application/app.o
                0x00800063                currentTemp
 .bss.counterFlag
                0x00800067        0x1 Application/app.o
                0x00800067                counterFlag
 .bss.timerFlag
                0x00800068        0x1 Application/app.o
                0x00800068                timerFlag
 .bss.prevState
                0x00800069        0x1 Application/app.o
                0x00800069                prevState
 .bss.state     0x0080006a        0x1 Application/app.o
                0x0080006a                state
 *(COMMON)
                0x0080006b                PROVIDE (__bss_end, .)
                0x0000143a                __data_load_start = LOADADDR (.data)
                0x0000143c                __data_load_end = (__data_load_start + SIZEOF (.data))

.noinit         0x0080006b        0x0
                [!provide]                PROVIDE (__noinit_start, .)
 *(.noinit*)
                [!provide]                PROVIDE (__noinit_end, .)
                0x0080006b                _end = .
                [!provide]                PROVIDE (__heap_start, .)

.eeprom         0x00810000        0x0
 *(.eeprom*)
                0x00810000                __eeprom_end = .

.fuse
 *(.fuse)
 *(.lfuse)
 *(.hfuse)
 *(.efuse)

.lock
 *(.lock*)

.signature
 *(.signature*)

.user_signatures
 *(.user_signatures*)

.stab
 *(.stab)

.stabstr
 *(.stabstr)

.stab.excl
 *(.stab.excl)

.stab.exclstr
 *(.stab.exclstr)

.stab.index
 *(.stab.index)

.stab.indexstr
 *(.stab.indexstr)

.comment        0x00000000       0x30
 *(.comment)
 .comment       0x00000000       0x30 Application/app.o
                                 0x31 (size before relaxing)
 .comment       0x00000030       0x31 HAL/7 Segment/Seven_Segment.o
 .comment       0x00000030       0x31 HAL/Button/Button_program.o
 .comment       0x00000030       0x31 HAL/EEPROM/EEPROM_program.o
 .comment       0x00000030       0x31 HAL/Heater/HEATER_ELEMENT.o
 .comment       0x00000030       0x31 HAL/Temp Sensor/LM35.o
 .comment       0x00000030       0x31 main.o
 .comment       0x00000030       0x31 MCAL/ADC/ADC_program.o
 .comment       0x00000030       0x31 MCAL/DIO/DIO_program.o
 .comment       0x00000030       0x31 MCAL/Interrupt/interrupt.o
 .comment       0x00000030       0x31 MCAL/Timer/timer.o
 .comment       0x00000030       0x31 MCAL/TWI/TWI_program.o

.note.gnu.avr.deviceinfo
                0x00000000       0x3c
 .note.gnu.avr.deviceinfo
                0x00000000       0x3c D:/career/Atmel/7.0/Packs/atmel/ATmega_DFP/1.7.374/gcc/dev/atmega32/avr5/crtatmega32.o

.note.gnu.build-id
 *(.note.gnu.build-id)

.debug
 *(.debug)

.line
 *(.line)

.debug_srcinfo
 *(.debug_srcinfo)

.debug_sfnames
 *(.debug_sfnames)

.debug_aranges  0x00000000      0x360
 *(.debug_aranges)
 .debug_aranges
                0x00000000       0x70 Application/app.o
 .debug_aranges
                0x00000070       0x58 HAL/7 Segment/Seven_Segment.o
 .debug_aranges
                0x000000c8       0x28 HAL/Button/Button_program.o
 .debug_aranges
                0x000000f0       0x30 HAL/EEPROM/EEPROM_program.o
 .debug_aranges
                0x00000120       0x78 HAL/Heater/HEATER_ELEMENT.o
 .debug_aranges
                0x00000198       0x28 HAL/Temp Sensor/LM35.o
 .debug_aranges
                0x000001c0       0x20 main.o
 .debug_aranges
                0x000001e0       0x28 MCAL/ADC/ADC_program.o
 .debug_aranges
                0x00000208       0x68 MCAL/DIO/DIO_program.o
 .debug_aranges
                0x00000270       0x40 MCAL/Interrupt/interrupt.o
 .debug_aranges
                0x000002b0       0x60 MCAL/Timer/timer.o
 .debug_aranges
                0x00000310       0x50 MCAL/TWI/TWI_program.o

.debug_pubnames
 *(.debug_pubnames)

.debug_info     0x00000000     0x27a7
 *(.debug_info .gnu.linkonce.wi.*)
 .debug_info    0x00000000      0x4e6 D:/career/Atmel/7.0/Packs/atmel/ATmega_DFP/1.7.374/gcc/dev/atmega32/avr5/crtatmega32.o
 .debug_info    0x000004e6      0x88a Application/app.o
 .debug_info    0x00000d70      0x77d HAL/7 Segment/Seven_Segment.o
 .debug_info    0x000014ed      0x17f HAL/Button/Button_program.o
 .debug_info    0x0000166c      0x1fd HAL/EEPROM/EEPROM_program.o
 .debug_info    0x00001869      0x408 HAL/Heater/HEATER_ELEMENT.o
 .debug_info    0x00001c71      0x143 HAL/Temp Sensor/LM35.o
 .debug_info    0x00001db4       0xc9 main.o
 .debug_info    0x00001e7d       0xf4 MCAL/ADC/ADC_program.o
 .debug_info    0x00001f71      0x301 MCAL/DIO/DIO_program.o
 .debug_info    0x00002272      0x190 MCAL/Interrupt/interrupt.o
 .debug_info    0x00002402      0x26f MCAL/Timer/timer.o
 .debug_info    0x00002671      0x136 MCAL/TWI/TWI_program.o

.debug_abbrev   0x00000000     0x1027
 *(.debug_abbrev)
 .debug_abbrev  0x00000000      0x4a3 D:/career/Atmel/7.0/Packs/atmel/ATmega_DFP/1.7.374/gcc/dev/atmega32/avr5/crtatmega32.o
 .debug_abbrev  0x000004a3      0x231 Application/app.o
 .debug_abbrev  0x000006d4      0x17f HAL/7 Segment/Seven_Segment.o
 .debug_abbrev  0x00000853       0xa9 HAL/Button/Button_program.o
 .debug_abbrev  0x000008fc       0xb0 HAL/EEPROM/EEPROM_program.o
 .debug_abbrev  0x000009ac      0x14e HAL/Heater/HEATER_ELEMENT.o
 .debug_abbrev  0x00000afa       0xb6 HAL/Temp Sensor/LM35.o
 .debug_abbrev  0x00000bb0       0x65 main.o
 .debug_abbrev  0x00000c15       0x8f MCAL/ADC/ADC_program.o
 .debug_abbrev  0x00000ca4       0xf6 MCAL/DIO/DIO_program.o
 .debug_abbrev  0x00000d9a       0xdc MCAL/Interrupt/interrupt.o
 .debug_abbrev  0x00000e76       0xff MCAL/Timer/timer.o
 .debug_abbrev  0x00000f75       0xb2 MCAL/TWI/TWI_program.o

.debug_line     0x00000000     0x1e25
 *(.debug_line .debug_line.* .debug_line_end)
 .debug_line    0x00000000      0x116 D:/career/Atmel/7.0/Packs/atmel/ATmega_DFP/1.7.374/gcc/dev/atmega32/avr5/crtatmega32.o
 .debug_line    0x00000116      0x62b Application/app.o
 .debug_line    0x00000741      0x452 HAL/7 Segment/Seven_Segment.o
 .debug_line    0x00000b93       0xf3 HAL/Button/Button_program.o
 .debug_line    0x00000c86      0x12d HAL/EEPROM/EEPROM_program.o
 .debug_line    0x00000db3      0x2c8 HAL/Heater/HEATER_ELEMENT.o
 .debug_line    0x0000107b       0xe6 HAL/Temp Sensor/LM35.o
 .debug_line    0x00001161       0x65 main.o
 .debug_line    0x000011c6      0x1a2 MCAL/ADC/ADC_program.o
 .debug_line    0x00001368      0x2fe MCAL/DIO/DIO_program.o
 .debug_line    0x00001666      0x329 MCAL/Interrupt/interrupt.o
 .debug_line    0x0000198f      0x333 MCAL/Timer/timer.o
 .debug_line    0x00001cc2      0x163 MCAL/TWI/TWI_program.o

.debug_frame    0x00000000      0x70c
 *(.debug_frame)
 .debug_frame   0x00000000      0x19c Application/app.o
 .debug_frame   0x0000019c       0xe4 HAL/7 Segment/Seven_Segment.o
 .debug_frame   0x00000280       0x40 HAL/Button/Button_program.o
 .debug_frame   0x000002c0       0x74 HAL/EEPROM/EEPROM_program.o
 .debug_frame   0x00000334       0xe0 HAL/Heater/HEATER_ELEMENT.o
 .debug_frame   0x00000414       0x34 HAL/Temp Sensor/LM35.o
 .debug_frame   0x00000448       0x24 main.o
 .debug_frame   0x0000046c       0x34 MCAL/ADC/ADC_program.o
 .debug_frame   0x000004a0       0xc8 MCAL/DIO/DIO_program.o
 .debug_frame   0x00000568       0x70 MCAL/Interrupt/interrupt.o
 .debug_frame   0x000005d8       0xb0 MCAL/Timer/timer.o
 .debug_frame   0x00000688       0x84 MCAL/TWI/TWI_program.o

.debug_str      0x00000000      0x9ad
 *(.debug_str)
 .debug_str     0x00000000      0x196 D:/career/Atmel/7.0/Packs/atmel/ATmega_DFP/1.7.374/gcc/dev/atmega32/avr5/crtatmega32.o
 .debug_str     0x00000196      0x418 Application/app.o
                                0x469 (size before relaxing)
 .debug_str     0x000005ae       0xc8 HAL/7 Segment/Seven_Segment.o
                                0x30a (size before relaxing)
 .debug_str     0x00000676       0x41 HAL/Button/Button_program.o
                                0x1f3 (size before relaxing)
 .debug_str     0x000006b7       0x65 HAL/EEPROM/EEPROM_program.o
                                0x211 (size before relaxing)
 .debug_str     0x0000071c       0x29 HAL/Heater/HEATER_ELEMENT.o
                                0x2ec (size before relaxing)
 .debug_str     0x00000745       0x33 HAL/Temp Sensor/LM35.o
                                0x21a (size before relaxing)
 .debug_str     0x00000778       0x11 main.o
                                0x1dd (size before relaxing)
 .debug_str     0x00000789       0x32 MCAL/ADC/ADC_program.o
                                0x1df (size before relaxing)
 .debug_str     0x000007bb       0xa5 MCAL/DIO/DIO_program.o
                                0x268 (size before relaxing)
 .debug_str     0x00000860       0x6e MCAL/Interrupt/interrupt.o
                                0x232 (size before relaxing)
 .debug_str     0x000008ce       0x9f MCAL/Timer/timer.o
                                0x278 (size before relaxing)
 .debug_str     0x0000096d       0x40 MCAL/TWI/TWI_program.o
                                0x207 (size before relaxing)

.debug_loc      0x00000000     0x1a0f
 *(.debug_loc)
 .debug_loc     0x00000000      0x3c3 Application/app.o
 .debug_loc     0x000003c3      0x794 HAL/7 Segment/Seven_Segment.o
 .debug_loc     0x00000b57      0x12f HAL/Button/Button_program.o
 .debug_loc     0x00000c86      0x16d HAL/EEPROM/EEPROM_program.o
 .debug_loc     0x00000df3       0xcf HAL/Heater/HEATER_ELEMENT.o
 .debug_loc     0x00000ec2       0xa7 HAL/Temp Sensor/LM35.o
 .debug_loc     0x00000f69       0x9c MCAL/ADC/ADC_program.o
 .debug_loc     0x00001005      0x4b7 MCAL/DIO/DIO_program.o
 .debug_loc     0x000014bc      0x205 MCAL/Interrupt/interrupt.o
 .debug_loc     0x000016c1      0x2fe MCAL/Timer/timer.o
 .debug_loc     0x000019bf       0x50 MCAL/TWI/TWI_program.o

.debug_macinfo
 *(.debug_macinfo)

.debug_weaknames
 *(.debug_weaknames)

.debug_funcnames
 *(.debug_funcnames)

.debug_typenames
 *(.debug_typenames)

.debug_varnames
 *(.debug_varnames)

.debug_pubtypes
 *(.debug_pubtypes)

.debug_ranges   0x00000000      0x2a0
 *(.debug_ranges)
 .debug_ranges  0x00000000       0x60 Application/app.o
 .debug_ranges  0x00000060       0x48 HAL/7 Segment/Seven_Segment.o
 .debug_ranges  0x000000a8       0x18 HAL/Button/Button_program.o
 .debug_ranges  0x000000c0       0x20 HAL/EEPROM/EEPROM_program.o
 .debug_ranges  0x000000e0       0x68 HAL/Heater/HEATER_ELEMENT.o
 .debug_ranges  0x00000148       0x18 HAL/Temp Sensor/LM35.o
 .debug_ranges  0x00000160       0x10 main.o
 .debug_ranges  0x00000170       0x18 MCAL/ADC/ADC_program.o
 .debug_ranges  0x00000188       0x58 MCAL/DIO/DIO_program.o
 .debug_ranges  0x000001e0       0x30 MCAL/Interrupt/interrupt.o
 .debug_ranges  0x00000210       0x50 MCAL/Timer/timer.o
 .debug_ranges  0x00000260       0x40 MCAL/TWI/TWI_program.o

.debug_macro
 *(.debug_macro)
OUTPUT(Water Heater Project.elf elf32-avr)
LOAD linker stubs
